\BOOKMARK [1][-]{section.1}{\376\377\000I\000n\000t\000r\000o\000d\000u\000c\000t\000i\000o\000n}{}% 1
\BOOKMARK [1][-]{section.2}{\376\377\000P\000r\000o\000b\000l\000e\000m\000\040\000S\000e\000t\000u\000p}{}% 2
\BOOKMARK [1][-]{section.3}{\376\377\000I\000d\000e\000a\000\040\000G\000e\000n\000e\000r\000a\000t\000i\000o\000n\000\040\000A\000g\000e\000n\000t}{}% 3
\BOOKMARK [2][-]{subsection.3.1}{\376\377\000P\000a\000p\000e\000r\000\040\000R\000e\000t\000r\000i\000e\000v\000a\000l\000\040\000f\000o\000r\000\040\000R\000A\000G}{section.3}% 4
\BOOKMARK [2][-]{subsection.3.2}{\376\377\000I\000d\000e\000a\000\040\000G\000e\000n\000e\000r\000a\000t\000i\000o\000n}{section.3}% 5
\BOOKMARK [2][-]{subsection.3.3}{\376\377\000I\000d\000e\000a\000\040\000R\000a\000n\000k\000i\000n\000g}{section.3}% 6
\BOOKMARK [1][-]{section.4}{\376\377\000E\000x\000p\000e\000r\000t\000\040\000I\000d\000e\000a\000\040\000W\000r\000i\000t\000i\000n\000g\000\040\000a\000n\000d\000\040\000R\000e\000v\000i\000e\000w\000i\000n\000g}{}% 7
\BOOKMARK [2][-]{subsection.4.1}{\376\377\000E\000x\000p\000e\000r\000t\000\040\000R\000e\000c\000r\000u\000i\000t\000m\000e\000n\000t}{section.4}% 8
\BOOKMARK [2][-]{subsection.4.2}{\376\377\000E\000x\000p\000e\000r\000t\000\040\000Q\000u\000a\000l\000i\000f\000i\000c\000a\000t\000i\000o\000n\000s}{section.4}% 9
\BOOKMARK [2][-]{subsection.4.3}{\376\377\000I\000d\000e\000a\000\040\000W\000r\000i\000t\000i\000n\000g}{section.4}% 10
\BOOKMARK [2][-]{subsection.4.4}{\376\377\000I\000d\000e\000a\000\040\000R\000e\000v\000i\000e\000w\000i\000n\000g}{section.4}% 11
\BOOKMARK [1][-]{section.5}{\376\377\000M\000a\000i\000n\000\040\000R\000e\000s\000u\000l\000t\000:\000\040\000A\000I\000\040\000I\000d\000e\000a\000s\000\040\000A\000r\000e\000\040\000R\000a\000t\000e\000d\000\040\000M\000o\000r\000e\000\040\000N\000o\000v\000e\000l\000\040\000T\000h\000a\000n\000\040\000E\000x\000p\000e\000r\000t\000\040\000I\000d\000e\000a\000s}{}% 12
\BOOKMARK [2][-]{subsection.5.1}{\376\377\000T\000e\000s\000t\000\040\0001\000:\000\040\000T\000r\000e\000a\000t\000i\000n\000g\000\040\000E\000a\000c\000h\000\040\000R\000e\000v\000i\000e\000w\000\040\000a\000s\000\040\000a\000n\000\040\000I\000n\000d\000e\000p\000e\000n\000d\000e\000n\000t\000\040\000D\000a\000t\000a\000p\000o\000i\000n\000t}{section.5}% 13
\BOOKMARK [2][-]{subsection.5.2}{\376\377\000T\000e\000s\000t\000\040\0002\000:\000\040\000T\000r\000e\000a\000t\000i\000n\000g\000\040\000E\000a\000c\000h\000\040\000I\000d\000e\000a\000\040\000a\000s\000\040\000a\000n\000\040\000I\000n\000d\000e\000p\000e\000n\000d\000e\000n\000t\000\040\000D\000a\000t\000a\000p\000o\000i\000n\000t}{section.5}% 14
\BOOKMARK [2][-]{subsection.5.3}{\376\377\000T\000e\000s\000t\000\040\0003\000:\000\040\000T\000r\000e\000a\000t\000i\000n\000g\000\040\000E\000a\000c\000h\000\040\000R\000e\000v\000i\000e\000w\000e\000r\000\040\000a\000s\000\040\000a\000n\000\040\000I\000n\000d\000e\000p\000e\000n\000d\000e\000n\000t\000\040\000D\000a\000t\000a\000p\000o\000i\000n\000t}{section.5}% 15
\BOOKMARK [1][-]{section.6}{\376\377\000I\000n\000-\000D\000e\000p\000t\000h\000\040\000A\000n\000a\000l\000y\000s\000i\000s\000\040\000o\000f\000\040\000t\000h\000e\000\040\000H\000u\000m\000a\000n\000\040\000S\000t\000u\000d\000y}{}% 16
\BOOKMARK [2][-]{subsection.6.1}{\376\377\000H\000u\000m\000a\000n\000\040\000E\000x\000p\000e\000r\000t\000s\000\040\000M\000a\000y\000\040\000N\000o\000t\000\040\000B\000e\000\040\000G\000i\000v\000i\000n\000g\000\040\000T\000h\000e\000i\000r\000\040\000B\000e\000s\000t\000\040\000I\000d\000e\000a\000s}{section.6}% 17
\BOOKMARK [2][-]{subsection.6.2}{\376\377\000R\000e\000v\000i\000e\000w\000e\000r\000s\000\040\000T\000e\000n\000d\000\040\000t\000o\000\040\000F\000o\000c\000u\000s\000\040\000M\000o\000r\000e\000\040\000o\000n\000\040\000N\000o\000v\000e\000l\000t\000y\000\040\000a\000n\000d\000\040\000E\000x\000c\000i\000t\000e\000m\000e\000n\000t}{section.6}% 18
\BOOKMARK [2][-]{subsection.6.3}{\376\377\000R\000e\000v\000i\000e\000w\000i\000n\000g\000\040\000I\000d\000e\000a\000s\000\040\000i\000s\000\040\000I\000n\000h\000e\000r\000e\000n\000t\000l\000y\000\040\000S\000u\000b\000j\000e\000c\000t\000i\000v\000e}{section.6}% 19
\BOOKMARK [1][-]{section.7}{\376\377\000L\000i\000m\000i\000t\000a\000t\000i\000o\000n\000s\000\040\000o\000f\000\040\000L\000L\000M\000s}{}% 20
\BOOKMARK [2][-]{subsection.7.1}{\376\377\000L\000L\000M\000s\000\040\000L\000a\000c\000k\000\040\000D\000i\000v\000e\000r\000s\000i\000t\000y\000\040\000i\000n\000\040\000I\000d\000e\000a\000\040\000G\000e\000n\000e\000r\000a\000t\000i\000o\000n}{section.7}% 21
\BOOKMARK [2][-]{subsection.7.2}{\376\377\000L\000L\000M\000s\000\040\000C\000a\000n\000n\000o\000t\000\040\000E\000v\000a\000l\000u\000a\000t\000e\000\040\000I\000d\000e\000a\000s\000\040\000R\000e\000l\000i\000a\000b\000l\000y}{section.7}% 22
\BOOKMARK [1][-]{section.8}{\376\377\000Q\000u\000a\000l\000i\000t\000a\000t\000i\000v\000e\000\040\000A\000n\000a\000l\000y\000s\000i\000s\000\040\000a\000n\000d\000\040\000E\000x\000a\000m\000p\000l\000e\000s}{}% 23
\BOOKMARK [2][-]{subsection.8.1}{\376\377\000A\000n\000a\000l\000y\000s\000i\000s\000\040\000o\000f\000\040\000F\000r\000e\000e\000-\000T\000e\000x\000t\000\040\000R\000e\000v\000i\000e\000w\000s}{section.8}% 24
\BOOKMARK [2][-]{subsection.8.2}{\376\377\000R\000a\000n\000d\000o\000m\000l\000y\000\040\000S\000a\000m\000p\000l\000e\000d\000\040\000H\000u\000m\000a\000n\000\040\000a\000n\000d\000\040\000A\000I\000\040\000I\000d\000e\000a\000s\000\040\000w\000i\000t\000h\000\040\000R\000e\000v\000i\000e\000w\000s}{section.8}% 25
\BOOKMARK [1][-]{section.9}{\376\377\000R\000e\000l\000a\000t\000e\000d\000\040\000W\000o\000r\000k}{}% 26
\BOOKMARK [1][-]{section.10}{\376\377\000D\000i\000s\000c\000u\000s\000s\000i\000o\000n}{}% 27
\BOOKMARK [1][-]{section.11}{\376\377\000E\000t\000h\000i\000c\000a\000l\000\040\000C\000o\000n\000s\000i\000d\000e\000r\000a\000t\000i\000o\000n\000s}{}% 28
\BOOKMARK [1][-]{appendix.A}{\376\377\000L\000i\000s\000t\000\040\000o\000f\000\040\000R\000e\000s\000e\000a\000r\000c\000h\000\040\000T\000o\000p\000i\000c\000s}{}% 29
\BOOKMARK [1][-]{appendix.B}{\376\377\000P\000r\000o\000j\000e\000c\000t\000\040\000P\000r\000o\000p\000o\000s\000a\000l\000\040\000T\000e\000m\000p\000l\000a\000t\000e}{}% 30
\BOOKMARK [1][-]{appendix.C}{\376\377\000P\000r\000o\000j\000e\000c\000t\000\040\000P\000r\000o\000p\000o\000s\000a\000l\000\040\000D\000e\000m\000o\000\040\000E\000x\000a\000m\000p\000l\000e}{}% 31
\BOOKMARK [1][-]{appendix.D}{\376\377\000S\000t\000y\000l\000e\000\040\000S\000t\000a\000n\000d\000a\000r\000d\000i\000z\000a\000t\000i\000o\000n\000\040\000P\000r\000o\000m\000p\000t}{}% 32
\BOOKMARK [1][-]{appendix.E}{\376\377\000I\000d\000e\000a\000\040\000R\000e\000v\000i\000e\000w\000\040\000F\000o\000r\000m}{}% 33
\BOOKMARK [1][-]{appendix.F}{\376\377\000I\000d\000e\000a\000\040\000G\000e\000n\000e\000r\000a\000t\000i\000o\000n\000\040\000A\000g\000e\000n\000t\000:\000\040\000A\000d\000d\000i\000t\000i\000o\000n\000a\000l\000\040\000I\000m\000p\000l\000e\000m\000e\000n\000t\000a\000t\000i\000o\000n\000\040\000D\000e\000t\000a\000i\000l\000s}{}% 34
\BOOKMARK [1][-]{appendix.G}{\376\377\000D\000e\000m\000o\000n\000s\000t\000r\000a\000t\000i\000o\000n\000\040\000E\000x\000a\000m\000p\000l\000e\000:\000\040\000S\000e\000e\000d\000\040\000I\000d\000e\000a\000\040\000G\000e\000n\000e\000r\000a\000t\000i\000o\000n}{}% 35
\BOOKMARK [1][-]{appendix.H}{\376\377\000G\000e\000n\000e\000r\000a\000t\000e\000d\000\040\000S\000e\000e\000d\000\040\000I\000d\000e\000a\000s\000\040\000a\000n\000d\000\040\000T\000h\000e\000i\000r\000\040\000N\000e\000a\000r\000e\000s\000t\000\040\000N\000e\000i\000g\000h\000b\000o\000r\000s}{}% 36
\BOOKMARK [1][-]{appendix.I}{\376\377\000O\000v\000e\000r\000l\000a\000p\000\040\000B\000e\000t\000w\000e\000e\000n\000\040\000A\000I\000\040\000R\000a\000n\000k\000i\000n\000g\000\040\000a\000n\000d\000\040\000E\000x\000p\000e\000r\000t\000\040\000R\000e\000r\000a\000n\000k\000i\000n\000g}{}% 37
\BOOKMARK [1][-]{appendix.J}{\376\377\000Q\000u\000a\000l\000i\000t\000y\000\040\000C\000o\000n\000t\000r\000o\000l\000\040\000o\000f\000\040\000H\000u\000m\000a\000n\000\040\000E\000x\000p\000e\000r\000t\000\040\000I\000d\000e\000a\000s}{}% 38
\BOOKMARK [1][-]{appendix.K}{\376\377\000B\000r\000e\000a\000k\000d\000o\000w\000n\000\040\000o\000f\000\040\000P\000a\000r\000t\000i\000c\000i\000p\000a\000n\000t\000\040\000P\000o\000s\000i\000t\000i\000o\000n\000s}{}% 39
\BOOKMARK [1][-]{appendix.L}{\376\377\000I\000n\000s\000t\000i\000t\000u\000t\000i\000o\000n\000s\000\040\000o\000f\000\040\000t\000h\000e\000\040\000I\000d\000e\000a\000\040\000W\000r\000i\000t\000i\000n\000g\000\040\000P\000a\000r\000t\000i\000c\000i\000p\000a\000n\000t\000s}{}% 40
\BOOKMARK [1][-]{appendix.M}{\376\377\000I\000n\000s\000t\000i\000t\000u\000t\000i\000o\000n\000s\000\040\000o\000f\000\040\000t\000h\000e\000\040\000I\000d\000e\000a\000\040\000R\000e\000v\000i\000e\000w\000i\000n\000g\000\040\000P\000a\000r\000t\000i\000c\000i\000p\000a\000n\000t\000s}{}% 41
\BOOKMARK [1][-]{appendix.N}{\376\377\000M\000i\000x\000e\000d\000-\000E\000f\000f\000e\000c\000t\000s\000\040\000M\000o\000d\000e\000l\000s}{}% 42
\BOOKMARK [1][-]{appendix.O}{\376\377\000S\000c\000o\000r\000e\000\040\000B\000r\000e\000a\000k\000d\000o\000w\000n\000\040\000b\000y\000\040\000T\000o\000p\000i\000c}{}% 43
\BOOKMARK [1][-]{appendix.P}{\376\377\000E\000x\000a\000m\000p\000l\000e\000\040\000I\000d\000e\000a\000:\000\040\000M\000o\000d\000u\000l\000a\000r\000\040\000C\000a\000l\000i\000b\000r\000a\000t\000i\000o\000n\000\040\000f\000o\000r\000\040\000L\000o\000n\000g\000-\000f\000o\000r\000m\000\040\000A\000n\000s\000w\000e\000r\000s}{}% 44
\BOOKMARK [1][-]{appendix.Q}{\376\377\000E\000x\000a\000m\000p\000l\000e\000\040\000I\000d\000e\000a\000:\000\040\000S\000e\000m\000a\000n\000t\000i\000c\000\040\000R\000e\000s\000o\000n\000a\000n\000c\000e\000\040\000U\000n\000c\000e\000r\000t\000a\000i\000n\000t\000y\000\040\000Q\000u\000a\000n\000t\000i\000f\000i\000c\000a\000t\000i\000o\000n}{}% 45
\BOOKMARK [1][-]{appendix.R}{\376\377\000E\000x\000a\000m\000p\000l\000e\000\040\000I\000d\000e\000a\000:\000\040\000T\000r\000a\000n\000s\000l\000a\000t\000i\000o\000n\000\040\000w\000i\000t\000h\000\040\000L\000L\000M\000s\000\040\000t\000h\000r\000o\000u\000g\000h\000\040\000P\000r\000o\000m\000p\000t\000i\000n\000g\000\040\000w\000i\000t\000h\000\040\000L\000o\000n\000g\000-\000F\000o\000r\000m\000\040\000C\000o\000n\000t\000e\000x\000t}{}% 46
\BOOKMARK [1][-]{appendix.S}{\376\377\000E\000x\000a\000m\000p\000l\000e\000\040\000I\000d\000e\000a\000:\000\040\000L\000i\000n\000g\000u\000i\000s\000t\000i\000c\000\040\000P\000i\000v\000o\000t\000\040\000C\000o\000n\000s\000t\000e\000l\000l\000a\000t\000i\000o\000n\000:\000\040\000E\000n\000h\000a\000n\000c\000i\000n\000g\000\040\000C\000r\000o\000s\000s\000-\000L\000i\000n\000g\000u\000a\000l\000\040\000T\000r\000a\000n\000s\000f\000e\000r\000\040\000f\000o\000r\000\040\000L\000o\000w\000-\000R\000e\000s\000o\000u\000r\000c\000e\000\040\000L\000a\000n\000g\000u\000a\000g\000e\000s\000\040\000a\000n\000d\000\040\000D\000i\000a\000l\000e\000c\000t\000s}{}% 47
\BOOKMARK [1][-]{appendix.T}{\376\377\000E\000x\000a\000m\000p\000l\000e\000\040\000I\000d\000e\000a\000:\000\040\000L\000L\000M\000\040\000D\000i\000r\000e\000c\000t\000e\000d\000\040\000R\000e\000t\000r\000i\000e\000v\000a\000l\000\040\000Q\000u\000e\000r\000y\000i\000n\000g\000\040\000f\000o\000r\000\040\000I\000m\000p\000r\000o\000v\000i\000n\000g\000\040\000F\000a\000c\000t\000u\000a\000l\000i\000t\000y}{}% 48
\BOOKMARK [1][-]{appendix.U}{\376\377\000E\000x\000a\000m\000p\000l\000e\000\040\000I\000d\000e\000a\000:\000\040\000S\000e\000m\000a\000n\000t\000i\000c\000\040\000D\000i\000v\000e\000r\000g\000e\000n\000c\000e\000\040\000M\000i\000n\000i\000m\000i\000z\000a\000t\000i\000o\000n\000:\000\040\000R\000e\000d\000u\000c\000i\000n\000g\000\040\000H\000a\000l\000l\000u\000c\000i\000n\000a\000t\000i\000o\000n\000s\000\040\000i\000n\000\040\000L\000a\000r\000g\000e\000\040\000L\000a\000n\000g\000u\000a\000g\000e\000\040\000M\000o\000d\000e\000l\000s\000\040\000t\000h\000r\000o\000u\000g\000h\000\040\000I\000t\000e\000r\000a\000t\000i\000v\000e\000\040\000C\000o\000n\000c\000e\000p\000t\000\040\000G\000r\000o\000u\000n\000d\000i\000n\000g}{}% 49
\BOOKMARK [1][-]{appendix.V}{\376\377\000E\000x\000a\000m\000p\000l\000e\000\040\000I\000d\000e\000a\000:\000\040\000A\000u\000t\000o\000p\000r\000o\000m\000p\000t\000i\000n\000g\000:\000\040\000G\000e\000n\000e\000r\000a\000t\000e\000\040\000D\000i\000v\000e\000r\000s\000e\000\040\000F\000e\000w\000-\000s\000h\000o\000t\000\040\000E\000x\000a\000m\000p\000l\000e\000s\000\040\000f\000o\000r\000\040\000A\000n\000y\000\040\000A\000p\000p\000l\000i\000c\000a\000t\000i\000o\000n}{}% 50
\BOOKMARK [1][-]{appendix.W}{\376\377\000E\000x\000a\000m\000p\000l\000e\000\040\000I\000d\000e\000a\000:\000\040\000T\000e\000m\000p\000o\000r\000a\000l\000\040\000D\000e\000p\000e\000n\000d\000e\000n\000c\000y\000\040\000U\000n\000f\000o\000l\000d\000i\000n\000g\000:\000\040\000I\000m\000p\000r\000o\000v\000i\000n\000g\000\040\000C\000o\000d\000e\000\040\000G\000e\000n\000e\000r\000a\000t\000i\000o\000n\000\040\000f\000o\000r\000\040\000C\000o\000m\000p\000l\000e\000x\000\040\000S\000t\000a\000t\000e\000f\000u\000l\000\040\000S\000y\000s\000t\000e\000m\000s\000\040}{}% 51
\BOOKMARK [1][-]{appendix.X}{\376\377\000I\000d\000e\000n\000t\000i\000t\000i\000e\000s\000\040\000o\000f\000\040\000E\000x\000a\000m\000p\000l\000e\000\040\000I\000d\000e\000a\000s}{}% 52
\BOOKMARK [1][-]{appendix.Y}{\376\377\000A\000t\000t\000e\000m\000p\000t\000\040\000o\000n\000\040\000I\000d\000e\000a\000\040\000E\000x\000e\000c\000u\000t\000i\000o\000n\000\040\000A\000g\000e\000n\000t}{}% 53
